Seeding theta_0 from built-in sweep best
  amp=42.00 sam=1.200 sfm=2.200 Kp=40.0 Kd=7.0 fx=0.000 fy=-0.020
ES start: pop=32, mu=10, generations=100, freq=0.524 Hz, evolving foot_x(-0.078, 0.078) foot_y(-0.065, 0.0)
Exploration: sigma0=0.20*span, random_inject=20%, rank_select=True, local_refine_on_plateau=True, robust_probe=True, heading_max=60deg, stagnation_patience=8, wakeup_fit_ratio=0.55
Gen 000 | best_fit=78.25 survival=30.00s dist=4.312m fwd=1.288m back=0.000m backwards=False fell=False | pop_full_surv=1/32 | amp=49.8 sam=2.32 sfm=2.30 Kp=82.1 Kd=10.9 fx=0.003 fy=-0.044 | steps=27 clr=0.320 slip=3.50 gait_pass=True robust=100%
Gen 001 | best_fit=85.15 survival=30.00s dist=2.895m fwd=1.972m back=0.000m backwards=False fell=False | pop_full_surv=5/32 | amp=50.0 sam=0.80 sfm=2.50 Kp=18.0 Kd=9.8 fx=-0.006 fy=-0.046 | steps=25 clr=0.173 slip=2.05 gait_pass=True robust=100%
Gen 002 | best_fit=85.15 survival=30.00s dist=2.895m fwd=1.972m back=0.000m backwards=False fell=False | pop_full_surv=2/32 | amp=50.0 sam=0.80 sfm=2.50 Kp=18.0 Kd=9.8 fx=-0.006 fy=-0.046 | steps=25 clr=0.173 slip=2.05 gait_pass=True robust=100%
Gen 003 | best_fit=85.15 survival=30.00s dist=2.895m fwd=1.972m back=0.000m backwards=False fell=False | pop_full_surv=5/32 | amp=50.0 sam=0.80 sfm=2.50 Kp=18.0 Kd=9.8 fx=-0.006 fy=-0.046 | steps=25 clr=0.173 slip=2.05 gait_pass=True robust=100%
Gen 004 | best_fit=109.32 survival=30.00s dist=7.025m fwd=2.832m back=0.000m backwards=False fell=False | pop_full_surv=4/32 | amp=48.3 sam=1.21 sfm=1.88 Kp=30.3 Kd=8.7 fx=0.000 fy=-0.032 | steps=26 clr=0.193 slip=1.33 gait_pass=True robust=100%
Gen 005 | best_fit=109.32 survival=30.00s dist=7.025m fwd=2.832m back=0.000m backwards=False fell=False | pop_full_surv=3/32 | amp=48.3 sam=1.21 sfm=1.88 Kp=30.3 Kd=8.7 fx=0.000 fy=-0.032 | steps=26 clr=0.193 slip=1.33 gait_pass=True robust=100%
Gen 006 | best_fit=109.32 survival=30.00s dist=7.025m fwd=2.832m back=0.000m backwards=False fell=False | pop_full_surv=3/32 | amp=48.3 sam=1.21 sfm=1.88 Kp=30.3 Kd=8.7 fx=0.000 fy=-0.032 | steps=26 clr=0.193 slip=1.33 gait_pass=True robust=100%
Gen 007 | best_fit=109.32 survival=30.00s dist=7.025m fwd=2.832m back=0.000m backwards=False fell=False | pop_full_surv=2/32 | amp=48.3 sam=1.21 sfm=1.88 Kp=30.3 Kd=8.7 fx=0.000 fy=-0.032 | steps=26 clr=0.193 slip=1.33 gait_pass=True robust=100%
Gen 008 | best_fit=109.32 survival=30.00s dist=7.025m fwd=2.832m back=0.000m backwards=False fell=False | pop_full_surv=5/32 | amp=48.3 sam=1.21 sfm=1.88 Kp=30.3 Kd=8.7 fx=0.000 fy=-0.032 | steps=26 clr=0.193 slip=1.33 gait_pass=True robust=100%
Gen 009 | best_fit=109.32 survival=30.00s dist=7.025m fwd=2.832m back=0.000m backwards=False fell=False | pop_full_surv=4/32 | amp=48.3 sam=1.21 sfm=1.88 Kp=30.3 Kd=8.7 fx=0.000 fy=-0.032 | steps=26 clr=0.193 slip=1.33 gait_pass=True robust=100%
Gen 010 | best_fit=109.32 survival=30.00s dist=7.025m fwd=2.832m back=0.000m backwards=False fell=False | pop_full_surv=2/32 | amp=48.3 sam=1.21 sfm=1.88 Kp=30.3 Kd=8.7 fx=0.000 fy=-0.032 | steps=26 clr=0.193 slip=1.33 gait_pass=True robust=100%
Gen 011 | best_fit=113.62 survival=30.00s dist=6.112m fwd=2.006m back=0.000m backwards=False fell=False | pop_full_surv=2/32 | amp=49.1 sam=1.23 sfm=1.94 Kp=28.4 Kd=8.6 fx=-0.007 fy=-0.036 | steps=26 clr=0.183 slip=2.06 gait_pass=True robust=50%
Gen 012 | best_fit=113.62 survival=30.00s dist=6.112m fwd=2.006m back=0.000m backwards=False fell=False | pop_full_surv=5/32 | amp=49.1 sam=1.23 sfm=1.94 Kp=28.4 Kd=8.6 fx=-0.007 fy=-0.036 | steps=26 clr=0.183 slip=2.06 gait_pass=True robust=50%
Gen 013 | best_fit=113.62 survival=30.00s dist=6.112m fwd=2.006m back=0.000m backwards=False fell=False | pop_full_surv=2/32 | amp=49.1 sam=1.23 sfm=1.94 Kp=28.4 Kd=8.6 fx=-0.007 fy=-0.036 | steps=26 clr=0.183 slip=2.06 gait_pass=True robust=50%
Gen 014 | best_fit=113.62 survival=30.00s dist=6.112m fwd=2.006m back=0.000m backwards=False fell=False | pop_full_surv=1/32 | amp=49.1 sam=1.23 sfm=1.94 Kp=28.4 Kd=8.6 fx=-0.007 fy=-0.036 | steps=26 clr=0.183 slip=2.06 gait_pass=True robust=50%
Gen 015 | best_fit=118.86 survival=30.00s dist=7.134m fwd=0.799m back=0.000m backwards=False fell=False | pop_full_surv=5/32 | amp=48.9 sam=1.25 sfm=1.90 Kp=30.2 Kd=8.7 fx=-0.005 fy=-0.034 | steps=24 clr=0.191 slip=4.90 gait_pass=True robust=100%
Gen 016 | best_fit=118.86 survival=30.00s dist=7.134m fwd=0.799m back=0.000m backwards=False fell=False | pop_full_surv=7/32 | amp=48.9 sam=1.25 sfm=1.90 Kp=30.2 Kd=8.7 fx=-0.005 fy=-0.034 | steps=24 clr=0.191 slip=4.90 gait_pass=True robust=100%
Gen 017 | best_fit=118.86 survival=30.00s dist=7.134m fwd=0.799m back=0.000m backwards=False fell=False | pop_full_surv=10/32 | amp=48.9 sam=1.25 sfm=1.90 Kp=30.2 Kd=8.7 fx=-0.005 fy=-0.034 | steps=24 clr=0.191 slip=4.90 gait_pass=True robust=100%
Gen 018 | best_fit=118.86 survival=30.00s dist=7.134m fwd=0.799m back=0.000m backwards=False fell=False | pop_full_surv=7/32 | amp=48.9 sam=1.25 sfm=1.90 Kp=30.2 Kd=8.7 fx=-0.005 fy=-0.034 | steps=24 clr=0.191 slip=4.90 gait_pass=True robust=100%
Gen 019 | best_fit=118.86 survival=30.00s dist=7.134m fwd=0.799m back=0.000m backwards=False fell=False | pop_full_surv=6/32 | amp=48.9 sam=1.25 sfm=1.90 Kp=30.2 Kd=8.7 fx=-0.005 fy=-0.034 | steps=24 clr=0.191 slip=4.90 gait_pass=True robust=100%
Gen 020 | best_fit=118.86 survival=30.00s dist=7.134m fwd=0.799m back=0.000m backwards=False fell=False | pop_full_surv=6/32 | amp=48.9 sam=1.25 sfm=1.90 Kp=30.2 Kd=8.7 fx=-0.005 fy=-0.034 | steps=24 clr=0.191 slip=4.90 gait_pass=True robust=100%
Gen 021 | best_fit=146.43 survival=30.00s dist=6.148m fwd=1.727m back=0.000m backwards=False fell=False | pop_full_surv=7/32 | amp=48.7 sam=1.25 sfm=1.89 Kp=28.2 Kd=8.7 fx=-0.007 fy=-0.035 | steps=26 clr=0.178 slip=2.32 gait_pass=True robust=100%
Gen 022 | best_fit=146.43 survival=30.00s dist=6.148m fwd=1.727m back=0.000m backwards=False fell=False | pop_full_surv=7/32 | amp=48.7 sam=1.25 sfm=1.89 Kp=28.2 Kd=8.7 fx=-0.007 fy=-0.035 | steps=26 clr=0.178 slip=2.32 gait_pass=True robust=100%
Gen 023 | best_fit=146.43 survival=30.00s dist=6.148m fwd=1.727m back=0.000m backwards=False fell=False | pop_full_surv=5/32 | amp=48.7 sam=1.25 sfm=1.89 Kp=28.2 Kd=8.7 fx=-0.007 fy=-0.035 | steps=26 clr=0.178 slip=2.32 gait_pass=True robust=100%
Gen 024 | best_fit=146.43 survival=30.00s dist=6.148m fwd=1.727m back=0.000m backwards=False fell=False | pop_full_surv=3/32 | amp=48.7 sam=1.25 sfm=1.89 Kp=28.2 Kd=8.7 fx=-0.007 fy=-0.035 | steps=26 clr=0.178 slip=2.32 gait_pass=True robust=100%
Gen 025 | best_fit=146.43 survival=30.00s dist=6.148m fwd=1.727m back=0.000m backwards=False fell=False | pop_full_surv=7/32 | amp=48.7 sam=1.25 sfm=1.89 Kp=28.2 Kd=8.7 fx=-0.007 fy=-0.035 | steps=26 clr=0.178 slip=2.32 gait_pass=True robust=100%
Gen 026 | best_fit=146.43 survival=30.00s dist=6.148m fwd=1.727m back=0.000m backwards=False fell=False | pop_full_surv=4/32 | amp=48.7 sam=1.25 sfm=1.89 Kp=28.2 Kd=8.7 fx=-0.007 fy=-0.035 | steps=26 clr=0.178 slip=2.32 gait_pass=True robust=100%
Gen 027 | best_fit=146.43 survival=30.00s dist=6.148m fwd=1.727m back=0.000m backwards=False fell=False | pop_full_surv=7/32 | amp=48.7 sam=1.25 sfm=1.89 Kp=28.2 Kd=8.7 fx=-0.007 fy=-0.035 | steps=26 clr=0.178 slip=2.32 gait_pass=True robust=100%
Gen 028 | best_fit=146.43 survival=30.00s dist=6.148m fwd=1.727m back=0.000m backwards=False fell=False | pop_full_surv=10/32 | amp=48.7 sam=1.25 sfm=1.89 Kp=28.2 Kd=8.7 fx=-0.007 fy=-0.035 | steps=26 clr=0.178 slip=2.32 gait_pass=True robust=100%
Gen 029 | best_fit=146.43 survival=30.00s dist=6.148m fwd=1.727m back=0.000m backwards=False fell=False | pop_full_surv=6/32 | amp=48.7 sam=1.25 sfm=1.89 Kp=28.2 Kd=8.7 fx=-0.007 fy=-0.035 | steps=26 clr=0.178 slip=2.32 gait_pass=True robust=100%
  PLATEAU: stagn=8 best_ever=146.4 → local refine around elite + protected explorers
Gen 030 | best_fit=159.47 survival=30.00s dist=6.419m fwd=3.145m back=0.000m backwards=False fell=False | pop_full_surv=19/32 | amp=48.8 sam=1.25 sfm=1.85 Kp=28.7 Kd=8.7 fx=-0.008 fy=-0.036 | steps=26 clr=0.169 slip=1.26 gait_pass=True robust=100%
Gen 031 | best_fit=159.47 survival=30.00s dist=6.419m fwd=3.145m back=0.000m backwards=False fell=False | pop_full_surv=13/32 | amp=48.8 sam=1.25 sfm=1.85 Kp=28.7 Kd=8.7 fx=-0.008 fy=-0.036 | steps=26 clr=0.169 slip=1.26 gait_pass=True robust=100%
Gen 032 | best_fit=159.47 survival=30.00s dist=6.419m fwd=3.145m back=0.000m backwards=False fell=False | pop_full_surv=15/32 | amp=48.8 sam=1.25 sfm=1.85 Kp=28.7 Kd=8.7 fx=-0.008 fy=-0.036 | steps=26 clr=0.169 slip=1.26 gait_pass=True robust=100%
Gen 033 | best_fit=159.47 survival=30.00s dist=6.419m fwd=3.145m back=0.000m backwards=False fell=False | pop_full_surv=17/32 | amp=48.8 sam=1.25 sfm=1.85 Kp=28.7 Kd=8.7 fx=-0.008 fy=-0.036 | steps=26 clr=0.169 slip=1.26 gait_pass=True robust=100%
Gen 034 | best_fit=159.47 survival=30.00s dist=6.419m fwd=3.145m back=0.000m backwards=False fell=False | pop_full_surv=13/32 | amp=48.8 sam=1.25 sfm=1.85 Kp=28.7 Kd=8.7 fx=-0.008 fy=-0.036 | steps=26 clr=0.169 slip=1.26 gait_pass=True robust=100%
Gen 035 | best_fit=159.47 survival=30.00s dist=6.419m fwd=3.145m back=0.000m backwards=False fell=False | pop_full_surv=12/32 | amp=48.8 sam=1.25 sfm=1.85 Kp=28.7 Kd=8.7 fx=-0.008 fy=-0.036 | steps=26 clr=0.169 slip=1.26 gait_pass=True robust=100%
Gen 036 | best_fit=159.47 survival=30.00s dist=6.419m fwd=3.145m back=0.000m backwards=False fell=False | pop_full_surv=4/32 | amp=48.8 sam=1.25 sfm=1.85 Kp=28.7 Kd=8.7 fx=-0.008 fy=-0.036 | steps=26 clr=0.169 slip=1.26 gait_pass=True robust=100%
Gen 037 | best_fit=159.47 survival=30.00s dist=6.419m fwd=3.145m back=0.000m backwards=False fell=False | pop_full_surv=4/32 | amp=48.8 sam=1.25 sfm=1.85 Kp=28.7 Kd=8.7 fx=-0.008 fy=-0.036 | steps=26 clr=0.169 slip=1.26 gait_pass=True robust=100%
Gen 038 | best_fit=159.47 survival=30.00s dist=6.419m fwd=3.145m back=0.000m backwards=False fell=False | pop_full_surv=8/32 | amp=48.8 sam=1.25 sfm=1.85 Kp=28.7 Kd=8.7 fx=-0.008 fy=-0.036 | steps=26 clr=0.169 slip=1.26 gait_pass=True robust=100%
  PLATEAU: stagn=8 best_ever=159.5 → local refine around elite + protected explorers
Gen 039 | best_fit=159.47 survival=30.00s dist=6.419m fwd=3.145m back=0.000m backwards=False fell=False | pop_full_surv=16/32 | amp=48.8 sam=1.25 sfm=1.85 Kp=28.7 Kd=8.7 fx=-0.008 fy=-0.036 | steps=26 clr=0.169 slip=1.26 gait_pass=True robust=100%
Gen 040 | best_fit=159.47 survival=30.00s dist=6.419m fwd=3.145m back=0.000m backwards=False fell=False | pop_full_surv=16/32 | amp=48.8 sam=1.25 sfm=1.85 Kp=28.7 Kd=8.7 fx=-0.008 fy=-0.036 | steps=26 clr=0.169 slip=1.26 gait_pass=True robust=100%
Gen 041 | best_fit=159.47 survival=30.00s dist=6.419m fwd=3.145m back=0.000m backwards=False fell=False | pop_full_surv=16/32 | amp=48.8 sam=1.25 sfm=1.85 Kp=28.7 Kd=8.7 fx=-0.008 fy=-0.036 | steps=26 clr=0.169 slip=1.26 gait_pass=True robust=100%
Gen 042 | best_fit=159.47 survival=30.00s dist=6.419m fwd=3.145m back=0.000m backwards=False fell=False | pop_full_surv=18/32 | amp=48.8 sam=1.25 sfm=1.85 Kp=28.7 Kd=8.7 fx=-0.008 fy=-0.036 | steps=26 clr=0.169 slip=1.26 gait_pass=True robust=100%
Gen 043 | best_fit=159.47 survival=30.00s dist=6.419m fwd=3.145m back=0.000m backwards=False fell=False | pop_full_surv=14/32 | amp=48.8 sam=1.25 sfm=1.85 Kp=28.7 Kd=8.7 fx=-0.008 fy=-0.036 | steps=26 clr=0.169 slip=1.26 gait_pass=True robust=100%
  PLATEAU: stagn=13 best_ever=159.5 → local refine around elite + protected explorers
Gen 044 | best_fit=159.47 survival=30.00s dist=6.419m fwd=3.145m back=0.000m backwards=False fell=False | pop_full_surv=15/32 | amp=48.8 sam=1.25 sfm=1.85 Kp=28.7 Kd=8.7 fx=-0.008 fy=-0.036 | steps=26 clr=0.169 slip=1.26 gait_pass=True robust=100%
Gen 045 | best_fit=159.47 survival=30.00s dist=6.419m fwd=3.145m back=0.000m backwards=False fell=False | pop_full_surv=11/32 | amp=48.8 sam=1.25 sfm=1.85 Kp=28.7 Kd=8.7 fx=-0.008 fy=-0.036 | steps=26 clr=0.169 slip=1.26 gait_pass=True robust=100%
Gen 046 | best_fit=159.47 survival=30.00s dist=6.419m fwd=3.145m back=0.000m backwards=False fell=False | pop_full_surv=4/32 | amp=48.8 sam=1.25 sfm=1.85 Kp=28.7 Kd=8.7 fx=-0.008 fy=-0.036 | steps=26 clr=0.169 slip=1.26 gait_pass=True robust=100%
Gen 047 | best_fit=159.47 survival=30.00s dist=6.419m fwd=3.145m back=0.000m backwards=False fell=False | pop_full_surv=3/32 | amp=48.8 sam=1.25 sfm=1.85 Kp=28.7 Kd=8.7 fx=-0.008 fy=-0.036 | steps=26 clr=0.169 slip=1.26 gait_pass=True robust=100%
Gen 048 | best_fit=159.47 survival=30.00s dist=6.419m fwd=3.145m back=0.000m backwards=False fell=False | pop_full_surv=6/32 | amp=48.8 sam=1.25 sfm=1.85 Kp=28.7 Kd=8.7 fx=-0.008 fy=-0.036 | steps=26 clr=0.169 slip=1.26 gait_pass=True robust=100%
  PLATEAU: stagn=18 best_ever=159.5 → local refine around elite + protected explorers
Gen 049 | best_fit=159.47 survival=30.00s dist=6.419m fwd=3.145m back=0.000m backwards=False fell=False | pop_full_surv=15/32 | amp=48.8 sam=1.25 sfm=1.85 Kp=28.7 Kd=8.7 fx=-0.008 fy=-0.036 | steps=26 clr=0.169 slip=1.26 gait_pass=True robust=100%
Gen 050 | best_fit=159.47 survival=30.00s dist=6.419m fwd=3.145m back=0.000m backwards=False fell=False | pop_full_surv=6/32 | amp=48.8 sam=1.25 sfm=1.85 Kp=28.7 Kd=8.7 fx=-0.008 fy=-0.036 | steps=26 clr=0.169 slip=1.26 gait_pass=True robust=100%
Gen 051 | best_fit=159.47 survival=30.00s dist=6.419m fwd=3.145m back=0.000m backwards=False fell=False | pop_full_surv=9/32 | amp=48.8 sam=1.25 sfm=1.85 Kp=28.7 Kd=8.7 fx=-0.008 fy=-0.036 | steps=26 clr=0.169 slip=1.26 gait_pass=True robust=100%
Gen 052 | best_fit=159.47 survival=30.00s dist=6.419m fwd=3.145m back=0.000m backwards=False fell=False | pop_full_surv=6/32 | amp=48.8 sam=1.25 sfm=1.85 Kp=28.7 Kd=8.7 fx=-0.008 fy=-0.036 | steps=26 clr=0.169 slip=1.26 gait_pass=True robust=100%
Gen 053 | best_fit=159.47 survival=30.00s dist=6.419m fwd=3.145m back=0.000m backwards=False fell=False | pop_full_surv=7/32 | amp=48.8 sam=1.25 sfm=1.85 Kp=28.7 Kd=8.7 fx=-0.008 fy=-0.036 | steps=26 clr=0.169 slip=1.26 gait_pass=True robust=100%
  PLATEAU: stagn=23 best_ever=159.5 → local refine around elite + protected explorers
Gen 054 | best_fit=159.47 survival=30.00s dist=6.419m fwd=3.145m back=0.000m backwards=False fell=False | pop_full_surv=15/32 | amp=48.8 sam=1.25 sfm=1.85 Kp=28.7 Kd=8.7 fx=-0.008 fy=-0.036 | steps=26 clr=0.169 slip=1.26 gait_pass=True robust=100%
Gen 055 | best_fit=159.47 survival=30.00s dist=6.419m fwd=3.145m back=0.000m backwards=False fell=False | pop_full_surv=17/32 | amp=48.8 sam=1.25 sfm=1.85 Kp=28.7 Kd=8.7 fx=-0.008 fy=-0.036 | steps=26 clr=0.169 slip=1.26 gait_pass=True robust=100%
Gen 056 | best_fit=168.43 survival=30.00s dist=6.676m fwd=3.414m back=0.000m backwards=False fell=False | pop_full_surv=19/32 | amp=48.4 sam=1.24 sfm=1.95 Kp=32.1 Kd=8.3 fx=-0.005 fy=-0.035 | steps=24 clr=0.202 slip=1.19 gait_pass=True robust=100%
Gen 057 | best_fit=168.43 survival=30.00s dist=6.676m fwd=3.414m back=0.000m backwards=False fell=False | pop_full_surv=22/32 | amp=48.4 sam=1.24 sfm=1.95 Kp=32.1 Kd=8.3 fx=-0.005 fy=-0.035 | steps=24 clr=0.202 slip=1.19 gait_pass=True robust=100%
Gen 058 | best_fit=168.43 survival=30.00s dist=6.676m fwd=3.414m back=0.000m backwards=False fell=False | pop_full_surv=18/32 | amp=48.4 sam=1.24 sfm=1.95 Kp=32.1 Kd=8.3 fx=-0.005 fy=-0.035 | steps=24 clr=0.202 slip=1.19 gait_pass=True robust=100%
Gen 059 | best_fit=168.43 survival=30.00s dist=6.676m fwd=3.414m back=0.000m backwards=False fell=False | pop_full_surv=13/32 | amp=48.4 sam=1.24 sfm=1.95 Kp=32.1 Kd=8.3 fx=-0.005 fy=-0.035 | steps=24 clr=0.202 slip=1.19 gait_pass=True robust=100%
Gen 060 | best_fit=168.43 survival=30.00s dist=6.676m fwd=3.414m back=0.000m backwards=False fell=False | pop_full_surv=13/32 | amp=48.4 sam=1.24 sfm=1.95 Kp=32.1 Kd=8.3 fx=-0.005 fy=-0.035 | steps=24 clr=0.202 slip=1.19 gait_pass=True robust=100%
Gen 061 | best_fit=168.43 survival=30.00s dist=6.676m fwd=3.414m back=0.000m backwards=False fell=False | pop_full_surv=13/32 | amp=48.4 sam=1.24 sfm=1.95 Kp=32.1 Kd=8.3 fx=-0.005 fy=-0.035 | steps=24 clr=0.202 slip=1.19 gait_pass=True robust=100%
Gen 062 | best_fit=168.43 survival=30.00s dist=6.676m fwd=3.414m back=0.000m backwards=False fell=False | pop_full_surv=13/32 | amp=48.4 sam=1.24 sfm=1.95 Kp=32.1 Kd=8.3 fx=-0.005 fy=-0.035 | steps=24 clr=0.202 slip=1.19 gait_pass=True robust=100%
Gen 063 | best_fit=168.43 survival=30.00s dist=6.676m fwd=3.414m back=0.000m backwards=False fell=False | pop_full_surv=16/32 | amp=48.4 sam=1.24 sfm=1.95 Kp=32.1 Kd=8.3 fx=-0.005 fy=-0.035 | steps=24 clr=0.202 slip=1.19 gait_pass=True robust=100%
Gen 064 | best_fit=199.72 survival=30.00s dist=11.456m fwd=6.992m back=0.000m backwards=False fell=False | pop_full_surv=14/32 | amp=48.6 sam=1.25 sfm=1.98 Kp=29.5 Kd=8.5 fx=0.002 fy=-0.027 | steps=22 clr=0.186 slip=0.52 gait_pass=False robust=100%
Gen 065 | best_fit=199.72 survival=30.00s dist=11.456m fwd=6.992m back=0.000m backwards=False fell=False | pop_full_surv=11/32 | amp=48.6 sam=1.25 sfm=1.98 Kp=29.5 Kd=8.5 fx=0.002 fy=-0.027 | steps=22 clr=0.186 slip=0.52 gait_pass=False robust=100%
Gen 066 | best_fit=199.72 survival=30.00s dist=11.456m fwd=6.992m back=0.000m backwards=False fell=False | pop_full_surv=7/32 | amp=48.6 sam=1.25 sfm=1.98 Kp=29.5 Kd=8.5 fx=0.002 fy=-0.027 | steps=22 clr=0.186 slip=0.52 gait_pass=False robust=100%
Gen 067 | best_fit=199.72 survival=30.00s dist=11.456m fwd=6.992m back=0.000m backwards=False fell=False | pop_full_surv=3/32 | amp=48.6 sam=1.25 sfm=1.98 Kp=29.5 Kd=8.5 fx=0.002 fy=-0.027 | steps=22 clr=0.186 slip=0.52 gait_pass=False robust=100%
Gen 068 | best_fit=242.44 survival=30.00s dist=15.229m fwd=6.050m back=0.000m backwards=False fell=False | pop_full_surv=9/32 | amp=48.5 sam=1.31 sfm=1.93 Kp=29.1 Kd=8.2 fx=0.004 fy=-0.023 | steps=11 clr=0.069 slip=0.57 gait_pass=False robust=100%
Gen 069 | best_fit=242.44 survival=30.00s dist=15.229m fwd=6.050m back=0.000m backwards=False fell=False | pop_full_surv=4/32 | amp=48.5 sam=1.31 sfm=1.93 Kp=29.1 Kd=8.2 fx=0.004 fy=-0.023 | steps=11 clr=0.069 slip=0.57 gait_pass=False robust=100%
Gen 070 | best_fit=242.44 survival=30.00s dist=15.229m fwd=6.050m back=0.000m backwards=False fell=False | pop_full_surv=6/32 | amp=48.5 sam=1.31 sfm=1.93 Kp=29.1 Kd=8.2 fx=0.004 fy=-0.023 | steps=11 clr=0.069 slip=0.57 gait_pass=False robust=100%
Gen 071 | best_fit=242.44 survival=30.00s dist=15.229m fwd=6.050m back=0.000m backwards=False fell=False | pop_full_surv=8/32 | amp=48.5 sam=1.31 sfm=1.93 Kp=29.1 Kd=8.2 fx=0.004 fy=-0.023 | steps=11 clr=0.069 slip=0.57 gait_pass=False robust=100%
Gen 072 | best_fit=242.44 survival=30.00s dist=15.229m fwd=6.050m back=0.000m backwards=False fell=False | pop_full_surv=11/32 | amp=48.5 sam=1.31 sfm=1.93 Kp=29.1 Kd=8.2 fx=0.004 fy=-0.023 | steps=11 clr=0.069 slip=0.57 gait_pass=False robust=100%
Gen 073 | best_fit=242.44 survival=30.00s dist=15.229m fwd=6.050m back=0.000m backwards=False fell=False | pop_full_surv=12/32 | amp=48.5 sam=1.31 sfm=1.93 Kp=29.1 Kd=8.2 fx=0.004 fy=-0.023 | steps=11 clr=0.069 slip=0.57 gait_pass=False robust=100%
Gen 074 | best_fit=242.44 survival=30.00s dist=15.229m fwd=6.050m back=0.000m backwards=False fell=False | pop_full_surv=4/32 | amp=48.5 sam=1.31 sfm=1.93 Kp=29.1 Kd=8.2 fx=0.004 fy=-0.023 | steps=11 clr=0.069 slip=0.57 gait_pass=False robust=100%
Gen 075 | best_fit=242.44 survival=30.00s dist=15.229m fwd=6.050m back=0.000m backwards=False fell=False | pop_full_surv=6/32 | amp=48.5 sam=1.31 sfm=1.93 Kp=29.1 Kd=8.2 fx=0.004 fy=-0.023 | steps=11 clr=0.069 slip=0.57 gait_pass=False robust=100%
Gen 076 | best_fit=254.30 survival=30.00s dist=15.440m fwd=6.696m back=0.000m backwards=False fell=False | pop_full_surv=9/32 | amp=48.5 sam=1.31 sfm=1.93 Kp=29.1 Kd=8.2 fx=0.004 fy=-0.023 | steps=11 clr=0.064 slip=0.51 gait_pass=False robust=100%
Gen 077 | best_fit=254.30 survival=30.00s dist=15.440m fwd=6.696m back=0.000m backwards=False fell=False | pop_full_surv=5/32 | amp=48.5 sam=1.31 sfm=1.93 Kp=29.1 Kd=8.2 fx=0.004 fy=-0.023 | steps=11 clr=0.064 slip=0.51 gait_pass=False robust=100%
Gen 078 | best_fit=254.30 survival=30.00s dist=15.440m fwd=6.696m back=0.000m backwards=False fell=False | pop_full_surv=4/32 | amp=48.5 sam=1.31 sfm=1.93 Kp=29.1 Kd=8.2 fx=0.004 fy=-0.023 | steps=11 clr=0.064 slip=0.51 gait_pass=False robust=100%
Gen 079 | best_fit=254.30 survival=30.00s dist=15.440m fwd=6.696m back=0.000m backwards=False fell=False | pop_full_surv=4/32 | amp=48.5 sam=1.31 sfm=1.93 Kp=29.1 Kd=8.2 fx=0.004 fy=-0.023 | steps=11 clr=0.064 slip=0.51 gait_pass=False robust=100%
Gen 080 | best_fit=254.30 survival=30.00s dist=15.440m fwd=6.696m back=0.000m backwards=False fell=False | pop_full_surv=4/32 | amp=48.5 sam=1.31 sfm=1.93 Kp=29.1 Kd=8.2 fx=0.004 fy=-0.023 | steps=11 clr=0.064 slip=0.51 gait_pass=False robust=100%
Gen 081 | best_fit=254.30 survival=30.00s dist=15.440m fwd=6.696m back=0.000m backwards=False fell=False | pop_full_surv=2/32 | amp=48.5 sam=1.31 sfm=1.93 Kp=29.1 Kd=8.2 fx=0.004 fy=-0.023 | steps=11 clr=0.064 slip=0.51 gait_pass=False robust=100%
Gen 082 | best_fit=254.30 survival=30.00s dist=15.440m fwd=6.696m back=0.000m backwards=False fell=False | pop_full_surv=7/32 | amp=48.5 sam=1.31 sfm=1.93 Kp=29.1 Kd=8.2 fx=0.004 fy=-0.023 | steps=11 clr=0.064 slip=0.51 gait_pass=False robust=100%
Gen 083 | best_fit=254.30 survival=30.00s dist=15.440m fwd=6.696m back=0.000m backwards=False fell=False | pop_full_surv=6/32 | amp=48.5 sam=1.31 sfm=1.93 Kp=29.1 Kd=8.2 fx=0.004 fy=-0.023 | steps=11 clr=0.064 slip=0.51 gait_pass=False robust=100%
Gen 084 | best_fit=254.30 survival=30.00s dist=15.440m fwd=6.696m back=0.000m backwards=False fell=False | pop_full_surv=5/32 | amp=48.5 sam=1.31 sfm=1.93 Kp=29.1 Kd=8.2 fx=0.004 fy=-0.023 | steps=11 clr=0.064 slip=0.51 gait_pass=False robust=100%
  PLATEAU: stagn=8 best_ever=254.3 → local refine around elite + protected explorers
Gen 085 | best_fit=254.30 survival=30.00s dist=15.440m fwd=6.696m back=0.000m backwards=False fell=False | pop_full_surv=9/32 | amp=48.5 sam=1.31 sfm=1.93 Kp=29.1 Kd=8.2 fx=0.004 fy=-0.023 | steps=11 clr=0.064 slip=0.51 gait_pass=False robust=100%
Gen 086 | best_fit=254.30 survival=30.00s dist=15.440m fwd=6.696m back=0.000m backwards=False fell=False | pop_full_surv=4/32 | amp=48.5 sam=1.31 sfm=1.93 Kp=29.1 Kd=8.2 fx=0.004 fy=-0.023 | steps=11 clr=0.064 slip=0.51 gait_pass=False robust=100%
Gen 087 | best_fit=254.30 survival=30.00s dist=15.440m fwd=6.696m back=0.000m backwards=False fell=False | pop_full_surv=3/32 | amp=48.5 sam=1.31 sfm=1.93 Kp=29.1 Kd=8.2 fx=0.004 fy=-0.023 | steps=11 clr=0.064 slip=0.51 gait_pass=False robust=100%
Gen 088 | best_fit=254.30 survival=30.00s dist=15.440m fwd=6.696m back=0.000m backwards=False fell=False | pop_full_surv=1/32 | amp=48.5 sam=1.31 sfm=1.93 Kp=29.1 Kd=8.2 fx=0.004 fy=-0.023 | steps=11 clr=0.064 slip=0.51 gait_pass=False robust=100%
Gen 089 | best_fit=254.30 survival=30.00s dist=15.440m fwd=6.696m back=0.000m backwards=False fell=False | pop_full_surv=3/32 | amp=48.5 sam=1.31 sfm=1.93 Kp=29.1 Kd=8.2 fx=0.004 fy=-0.023 | steps=11 clr=0.064 slip=0.51 gait_pass=False robust=100%
  PLATEAU: stagn=13 best_ever=254.3 → local refine around elite + protected explorers
Gen 090 | best_fit=254.30 survival=30.00s dist=15.440m fwd=6.696m back=0.000m backwards=False fell=False | pop_full_surv=9/32 | amp=48.5 sam=1.31 sfm=1.93 Kp=29.1 Kd=8.2 fx=0.004 fy=-0.023 | steps=11 clr=0.064 slip=0.51 gait_pass=False robust=100%
Gen 091 | best_fit=254.30 survival=30.00s dist=15.440m fwd=6.696m back=0.000m backwards=False fell=False | pop_full_surv=4/32 | amp=48.5 sam=1.31 sfm=1.93 Kp=29.1 Kd=8.2 fx=0.004 fy=-0.023 | steps=11 clr=0.064 slip=0.51 gait_pass=False robust=100%
Gen 092 | best_fit=254.30 survival=30.00s dist=15.440m fwd=6.696m back=0.000m backwards=False fell=False | pop_full_surv=3/32 | amp=48.5 sam=1.31 sfm=1.93 Kp=29.1 Kd=8.2 fx=0.004 fy=-0.023 | steps=11 clr=0.064 slip=0.51 gait_pass=False robust=100%
Gen 093 | best_fit=254.30 survival=30.00s dist=15.440m fwd=6.696m back=0.000m backwards=False fell=False | pop_full_surv=5/32 | amp=48.5 sam=1.31 sfm=1.93 Kp=29.1 Kd=8.2 fx=0.004 fy=-0.023 | steps=11 clr=0.064 slip=0.51 gait_pass=False robust=100%
Gen 094 | best_fit=284.01 survival=30.00s dist=15.007m fwd=10.905m back=0.000m backwards=False fell=False | pop_full_surv=7/32 | amp=48.9 sam=1.28 sfm=1.96 Kp=29.2 Kd=8.1 fx=0.005 fy=-0.023 | steps=15 clr=0.094 slip=0.31 gait_pass=False robust=100%
Gen 095 | best_fit=284.01 survival=30.00s dist=15.007m fwd=10.905m back=0.000m backwards=False fell=False | pop_full_surv=9/32 | amp=48.9 sam=1.28 sfm=1.96 Kp=29.2 Kd=8.1 fx=0.005 fy=-0.023 | steps=15 clr=0.094 slip=0.31 gait_pass=False robust=100%
Gen 096 | best_fit=284.01 survival=30.00s dist=15.007m fwd=10.905m back=0.000m backwards=False fell=False | pop_full_surv=10/32 | amp=48.9 sam=1.28 sfm=1.96 Kp=29.2 Kd=8.1 fx=0.005 fy=-0.023 | steps=15 clr=0.094 slip=0.31 gait_pass=False robust=100%
Gen 097 | best_fit=284.01 survival=30.00s dist=15.007m fwd=10.905m back=0.000m backwards=False fell=False | pop_full_surv=6/32 | amp=48.9 sam=1.28 sfm=1.96 Kp=29.2 Kd=8.1 fx=0.005 fy=-0.023 | steps=15 clr=0.094 slip=0.31 gait_pass=False robust=100%
Gen 098 | best_fit=284.01 survival=30.00s dist=15.007m fwd=10.905m back=0.000m backwards=False fell=False | pop_full_surv=9/32 | amp=48.9 sam=1.28 sfm=1.96 Kp=29.2 Kd=8.1 fx=0.005 fy=-0.023 | steps=15 clr=0.094 slip=0.31 gait_pass=False robust=100%
Gen 099 | best_fit=284.01 survival=30.00s dist=15.007m fwd=10.905m back=0.000m backwards=False fell=False | pop_full_surv=5/32 | amp=48.9 sam=1.28 sfm=1.96 Kp=29.2 Kd=8.1 fx=0.005 fy=-0.023 | steps=15 clr=0.094 slip=0.31 gait_pass=False robust=100%

Evaluating robustness on top candidates...
  #1: fit=284.01 survival=30.00s dist=15.007m | robust_rate=1.00 mean_pert_surv=30.00s
  #2: fit=130.08 survival=30.00s dist=14.741m | robust_rate=1.00 mean_pert_surv=30.00s
  #3: fit=77.48 survival=30.00s dist=13.378m | robust_rate=1.00 mean_pert_surv=30.00s
  #4: fit=76.55 survival=30.00s dist=7.102m | robust_rate=1.00 mean_pert_surv=30.00s
  #5: fit=66.05 survival=30.00s dist=5.698m | robust_rate=1.00 mean_pert_surv=30.00s

=== ES complete ===
Best ever fitness: 284.01
Best ever: survival=30.00s dist=15.007m fell=False
Promising region (top-k mean ± std):
  amp_deg         : 41.8318 ± 8.4644  [29.6534, 49.2753]
  start_amp_mult  : 1.3534 ± 0.2452  [1.0896, 2.0107]
  start_freq_mult : 1.9440 ± 0.2019  [1.4843, 2.2892]
  Kp              : 39.7046 ± 18.3829  [18.8480, 77.1276]
  Kd              : 7.5631 ± 1.8224  [4.6189, 11.0179]
  foot_x          : 0.0169 ± 0.0199  [-0.0100, 0.0562]
  foot_y          : -0.0252 ± 0.0106  [-0.0447, -0.0034]

Saved history to data/es/bigfoot_es_history_walkgait_v12.csv
Saved summary to data/es/bigfoot_es_summary_walkgait_v12.json
